--------------------------------------------------
Z80 DISASSEMBLER LISTING
Line   Addr Opcodes     Label   Instruction
--------------------------------------------------

0001   0000 47          L0001:  LD B,A
0002   0001 E6 F0               AND 0F0H
0003   0003 0F                  RRCA
0004   0004 4F                  LD C,A
0005   0005 0F                  RRCA
0006   0006 0F                  RRCA
0007   0007 81                  ADD A,C
0008   0008 4F                  LD C,A
0009   0009 78                  LD A,B
0010   000A E6 0F               AND 0FH
0011   000C 81                  ADD A,C
0012   000D C9                  RET
0013   000E 3E 00       L0002:  LD A,00H
0014   0010 CD 00 00            CALL L0001
0015   0013 3E 99               LD A,99H
0016   0015 CD 00 00            CALL L0001
0017   0018 3E 23               LD A,23H
0018   001A CD 00 00            CALL L0001
0019   001D 18 EF               JR L0002

---------------------------------------------
LIST OF LABELS
Sorted by address:      Sorted by name:
---------------------------------------------

L0001:  0000            L0001:  0000
L0002:  000E            L0002:  000E
